// Jest Snapshot v1, https://goo.gl/fbAQLP

exports[`rendering 1`] = `
<View
  accessibilityComponentType={undefined}
  accessibilityLabel={undefined}
  accessibilityTraits={undefined}
  accessible={true}
  collapsable={undefined}
  hitSlop={undefined}
  isTVSelectable={true}
  nativeID={undefined}
  onLayout={undefined}
  onResponderGrant={[Function]}
  onResponderMove={[Function]}
  onResponderRelease={[Function]}
  onResponderTerminate={[Function]}
  onResponderTerminationRequest={[Function]}
  onStartShouldSetResponder={[Function]}
  style={
    Object {
      "opacity": 1,
      "paddingLeft": 10,
    }
  }
  testID={undefined}
  tvParallaxProperties={undefined}
>
  <Text
    accessible={true}
    allowFontScaling={false}
    android="md-arrow-round-back"
    ellipsizeMode="tail"
    ios="ios-arrow-back"
    style={
      Array [
        Object {
          "color": undefined,
          "fontSize": 12,
        },
        Array [
          Object {
            "color": "#000",
            "fontSize": 30,
          },
          Object {
            "color": "#000",
            "fontSize": 30,
          },
          Object {
            "color": "#FF8214",
          },
        ],
        Object {
          "fontFamily": "Ionicons",
          "fontStyle": "normal",
          "fontWeight": "normal",
        },
      ]
    }
    virtual={undefined}
  >
    
  </Text>
</View>
`;
