// Jest Snapshot v1, https://goo.gl/fbAQLP

exports[`rendering 1`] = `
<View
  accessibilityComponentType={undefined}
  accessibilityLabel={undefined}
  accessibilityTraits={undefined}
  accessible={true}
  collapsable={undefined}
  hitSlop={undefined}
  isTVSelectable={true}
  nativeID={undefined}
  onLayout={undefined}
  onResponderGrant={[Function]}
  onResponderMove={[Function]}
  onResponderRelease={[Function]}
  onResponderTerminate={[Function]}
  onResponderTerminationRequest={[Function]}
  onStartShouldSetResponder={[Function]}
  style={
    Object {
      "backgroundColor": "#FFF",
      "flexDirection": "row",
      "opacity": 1,
      "paddingBottom": 4,
      "paddingLeft": 10,
      "paddingRight": 10,
      "paddingTop": 2,
    }
  }
  testID={undefined}
  tvParallaxProperties={undefined}
>
  <View
    style={
      Array [
        Object {
          "flex": 0.25,
        },
        Object {
          "flexDirection": "column",
        },
        Object {
          "alignItems": "flex-end",
        },
        Object {
          "justifyContent": "flex-start",
        },
        Object {
          "paddingTop": 5,
        },
      ]
    }
  >
    <Text
      accessible={true}
      allowFontScaling={true}
      ellipsizeMode="tail"
      style={
        Array [
          Object {
            "fontFamily": "Kanit",
          },
          Object {
            "fontSize": 19,
          },
        ]
      }
    >
      17:00
    </Text>
    <Text
      accessible={true}
      allowFontScaling={true}
      ellipsizeMode="tail"
      style={
        Array [
          Object {
            "fontFamily": "Kanit",
          },
          Object {
            "fontSize": 10,
          },
          Object {
            "color": "#858585",
          },
        ]
      }
    >
       50 นาที
    </Text>
  </View>
  <View
    style={
      Array [
        Object {
          "flex": 0.1,
        },
        Object {
          "flexDirection": "column",
        },
        Object {
          "alignItems": "center",
        },
        Object {
          "justifyContent": "center",
        },
      ]
    }
  >
    <View
      style={
        Array [
          Object {
            "flex": 0.2,
          },
          Object {
            "justifyContent": "center",
          },
        ]
      }
    >
      <View
        style={
          Object {
            "backgroundColor": "#FF8214",
            "borderRadius": 7,
            "height": 14,
            "width": 14,
          }
        }
      />
    </View>
    <View
      style={
        Array [
          Object {
            "flex": 0.8,
          },
          Object {
            "backgroundColor": "#FF8214",
            "width": 2,
          },
        ]
      }
    />
  </View>
  <View
    style={
      Array [
        Object {
          "flex": 0.65,
        },
        Object {
          "flexDirection": "column",
        },
        Object {
          "alignItems": "flex-start",
        },
        Object {
          "justifyContent": "flex-start",
        },
        Object {
          "paddingTop": 5,
        },
        Object {
          "paddingLeft": 10,
        },
      ]
    }
  >
    <Text
      accessible={true}
      allowFontScaling={true}
      ellipsizeMode="tail"
      numberOfLines={1}
      style={
        Array [
          Object {
            "fontFamily": "Kanit",
          },
          Object {
            "fontSize": 16,
          },
          Object {
            "fontWeight": "bold",
          },
        ]
      }
    />
    <Text
      accessible={true}
      allowFontScaling={true}
      ellipsizeMode="tail"
      numberOfLines={1}
      style={
        Array [
          Object {
            "fontFamily": "Kanit",
          },
          Object {
            "fontSize": 14,
          },
          Object {
            "color": "#858585",
          },
        ]
      }
    >
      Test Description 1
    </Text>
  </View>
</View>
`;
