// Jest Snapshot v1, https://goo.gl/fbAQLP

exports[`rendering 1`] = `
<View
  accessibilityComponentType={undefined}
  accessibilityLabel={undefined}
  accessibilityTraits={undefined}
  accessible={true}
  collapsable={undefined}
  hitSlop={undefined}
  isTVSelectable={true}
  nativeID={undefined}
  onLayout={undefined}
  onResponderGrant={[Function]}
  onResponderMove={[Function]}
  onResponderRelease={[Function]}
  onResponderTerminate={[Function]}
  onResponderTerminationRequest={[Function]}
  onStartShouldSetResponder={[Function]}
  style={
    Object {
      "backgroundColor": "#FFF",
      "borderBottomWidth": 0.4,
      "borderColor": "#C8C8C8",
      "flexDirection": "row",
      "opacity": 1,
      "paddingBottom": 10,
      "paddingLeft": 10,
      "paddingRight": 10,
      "paddingTop": 10,
    }
  }
  testID={undefined}
  tvParallaxProperties={undefined}
>
  <View
    style={
      Array [
        Object {
          "flex": 0.2,
        },
        Object {
          "alignItems": "center",
        },
        Object {
          "justifyContent": "center",
        },
      ]
    }
  >
    <Image
      source={1}
      style={
        Object {
          "borderRadius": 0,
          "height": 0,
          "width": 0,
        }
      }
    />
  </View>
  <View
    style={
      Array [
        Object {
          "flex": 0.8,
        },
        Object {
          "flexDirection": "column",
        },
        Object {
          "alignItems": "flex-start",
        },
        Object {
          "justifyContent": "center",
        },
        Object {
          "paddingLeft": 10,
        },
      ]
    }
  >
    <Text
      accessible={true}
      allowFontScaling={true}
      ellipsizeMode="tail"
      numberOfLines={1}
      style={
        Array [
          Object {
            "fontFamily": "Kanit",
          },
          Object {
            "fontSize": 18,
          },
        ]
      }
    >
      Test Problem 1
    </Text>
    <Text
      accessible={true}
      allowFontScaling={true}
      ellipsizeMode="tail"
      numberOfLines={2}
      style={
        Array [
          Object {
            "fontFamily": "Kanit",
          },
          Object {
            "fontSize": 16,
          },
          Object {
            "color": "#858585",
          },
        ]
      }
    >
      Test Description 1
    </Text>
  </View>
</View>
`;
