// Jest Snapshot v1, https://goo.gl/fbAQLP

exports[`rendering 1`] = `
<View
  style={
    Array [
      Object {
        "flex": 0.3,
      },
      Object {
        "flexDirection": "column",
      },
      Object {
        "backgroundColor": "#FFF",
      },
    ]
  }
>
  <View
    style={
      Array [
        Object {
          "height": 22.5,
          "width": 100,
        },
        Object {
          "overflow": "hidden",
        },
      ]
    }
  >
    <Image
      source={1}
      style={
        Object {
          "height": 22.5,
          "resizeMode": "cover",
          "width": 100,
        }
      }
    />
  </View>
  <View
    style={
      Array [
        Object {
          "height": 7.5,
          "width": 100,
        },
        Object {
          "backgroundColor": "#FFF",
        },
      ]
    }
  />
  <Image
    source={undefined}
    style={
      Object {
        "borderRadius": 7.5,
        "bottom": 0,
        "height": 15,
        "left": 42.5,
        "position": "absolute",
        "width": 15,
        "zIndex": 100,
      }
    }
  />
</View>
`;
