// Jest Snapshot v1, https://goo.gl/fbAQLP

exports[`rendering 1`] = `
<View
  style={
    Object {
      "flexDirection": "row",
    }
  }
>
  <View
    style={
      Object {
        "flex": 0.2,
      }
    }
  />
  <View
    style={
      Object {
        "flex": 0.2,
      }
    }
  >
    <Text
      accessible={true}
      allowFontScaling={false}
      android="test"
      ellipsizeMode="tail"
      ios="test"
      style={
        Array [
          Object {
            "color": undefined,
            "fontSize": 12,
          },
          Array [
            Object {
              "color": "#000",
              "fontSize": 30,
            },
            Object {
              "color": "#000",
              "fontSize": 30,
            },
            Object {
              "textAlign": "right",
            },
            Object {
              "color": "#FF8214",
            },
          ],
          Object {
            "fontFamily": "Ionicons",
            "fontStyle": "normal",
            "fontWeight": "normal",
          },
        ]
      }
      virtual={undefined}
    >
      ?
    </Text>
  </View>
  <View
    style={
      Object {
        "flex": 0.6,
      }
    }
  >
    <Text
      accessible={true}
      allowFontScaling={true}
      ellipsizeMode="tail"
      style={
        Array [
          Object {
            "paddingLeft": 6,
          },
          Object {
            "fontSize": 16,
          },
          Object {
            "fontFamily": "Kanit",
          },
        ]
      }
    >
      test
    </Text>
  </View>
</View>
`;
